1: 
Customer@MaximiliansNotebook MINGW64 ~
$ echo 'Hello World'
Hello World


2:
Customer@MaximiliansNotebook MINGW64 ~/IH-Labs/lab-bash (master)
$ mkdir new_dir

Customer@MaximiliansNotebook MINGW64 ~/IH-Labs/lab-bash (master)
$ dir
exercices  inputs  lorem  lorem-copy  new_dir  outputs  readme.md


3:
Customer@MaximiliansNotebook MINGW64 ~/IH-Labs/lab-bash (master)
$ rmdir new_dir

Customer@MaximiliansNotebook MINGW64 ~/IH-Labs/lab-bash (master)
$ dir
exercices  inputs  lorem  lorem-copy  outputs  readme.md


4:
Customer@MaximiliansNotebook MINGW64 ~
$ cd IH-Labs/lab-bash/lorem

Customer@MaximiliansNotebook MINGW64 ~/IH-Labs/lab-bash/lorem (master)
$ cp sed.txt ../lorem-copy/

Customer@MaximiliansNotebook MINGW64 ~/IH-Labs/lab-bash/lorem-copy (master)
$ dir
dummy_file.txt  sed.txt


5:
Customer@MaximiliansNotebook MINGW64 ~/IH-Labs/lab-bash/lorem (master)
$ cp at.txt lorem.txt ../lorem-copy/;

Customer@MaximiliansNotebook MINGW64 ~/IH-Labs/lab-bash/lorem-copy (master)
$ dir
at.txt  dummy_file.txt  lorem.txt  sed.txt


6:
Customer@MaximiliansNotebook MINGW64 ~/IH-Labs/lab-bash/lorem-copy (master)
$ cat sed.txt
Sed ut perspiciatis unde omnis iste natus error sit voluptatem accusantium doloremque laudantium,
totam rem aperiam, eaque ipsa quae ab illo inventore veritatis et quasi architecto beatae vitae dicta sunt explicabo.
Nemo enim ipsam voluptatem quia voluptas sit aspernatur aut odit aut fugit,
sed quia consequuntur magni dolores eos qui ratione voluptatem sequi nesciunt.
Neque porro quisquam est, qui dolorem ipsum quia dolor sit amet, consectetur, adipisci velit,
sed quia non numquam eius modi tempora incidunt ut labore et dolore magnam aliquam quaerat voluptatem.
Ut enim ad minima veniam, quis nostrum exercitationem ullam corporis suscipit laboriosam,
nisi ut aliquid ex ea commodi consequatur? Quis autem vel eum iure reprehenderit qui in ea voluptate velit esse quam nihil molestiae consequatur,
vel illum qui dolorem eum fugiat quo voluptas nulla pariatur?Homo homini lupus


7:
Customer@MaximiliansNotebook MINGW64 ~/IH-Labs/lab-bash/lorem (master)
$ cat at.txt lorem.txt
At vero eos ET accusamus ET iusto odio dignissimos ducimus qui blanditiis praesentium voluptatum
deleniti atque corrupti quos dolores ET quas molestias excepturi sint occaecati cupiditate non
provident, similique sunt in culpa qui officia deserunt mollitia animi, id est laborum ET dolorum fuga.
Et harum quidem rerum facilis est ET expedita distinctio.
Nam libero tempore, cum soluta nobis est eligendi optio cumque nihil impedit quo minus id quod
maxime placeat facere possimus, omnis voluptas assumenda est, omnis dolor repellendus.
Temporibus autem quibusdam ET aut officiis debitis aut rerum necessitatibus saepe eveniET
ut ET voluptates repudiandae sint ET molestiae non recusandae.
Itaque earum rerum hic tenETur a sapiente delectus, ut aut reiciendis voluptatibus maiores
alias consequatur aut perferendis doloribus asperiores repellat
Lorem ipsum dolor sit amet, consectetur adipiscing elit, sed do eiusmod tempor incididunt ut labore et dolore magna aliqua.
Ut enim ad minim veniam, quis nostrud exercitation ullamco laboris nisi ut aliquip ex ea commodo consequat.
Duis aute irure dolor in reprehenderit in voluptate velit esse cillum dolore eu fugiat nulla pariatur.
Excepteur sint occaecat cupidatat non proident, sunt in culpa qui officia deserunt mollit anim id est laborum.


8:
Customer@MaximiliansNotebook MINGW64 ~/IH-Labs/lab-bash/lorem-copy (master)
$ head -3 sed.txt
Sed ut perspiciatis unde omnis iste natus error sit voluptatem accusantium doloremque laudantium,
totam rem aperiam, eaque ipsa quae ab illo inventore veritatis et quasi architecto beatae vitae dicta sunt explicabo.
Nemo enim ipsam voluptatem quia voluptas sit aspernatur aut odit aut fugit,


9:
Customer@MaximiliansNotebook MINGW64 ~/IH-Labs/lab-bash/lorem-copy (master)
$ tail -3 sed.txt
Ut enim ad minima veniam, quis nostrum exercitationem ullam corporis suscipit laboriosam,
nisi ut aliquid ex ea commodi consequatur? Quis autem vel eum iure reprehenderit qui in ea voluptate velit esse quam nihil molestiae consequatur,
vel illum qui dolorem eum fugiat quo voluptas nulla pariatur?Homo homini lupus


10:
with the 'nano sed.txt' command
Sed ut perspiciatis unde omnis iste natus error sit voluptatem accusantium doloremque laudantium,
totam rem aperiam, eaque ipsa quae ab illo inventore veritatis et quasi architecto beatae vitae dicta sunt explicabo.
Nemo enim ipsam voluptatem quia voluptas sit aspernatur aut odit aut fugit,
sed quia consequuntur magni dolores eos qui ratione voluptatem sequi nesciunt.
Neque porro quisquam est, qui dolorem ipsum quia dolor sit amet, consectetur, adipisci velit,
sed quia non numquam eius modi tempora incidunt ut labore et dolore magnam aliquam quaerat voluptatem.
Ut enim ad minima veniam, quis nostrum exercitationem ullam corporis suscipit laboriosam,
nisi ut aliquid ex ea commodi consequatur? Quis autem vel eum iure reprehenderit qui in ea voluptate velit esse quam nihil molestiae >
vel illum qui dolorem eum fugiat quo voluptas nulla pariatur?Homo homini lupus
Homo homini lupus


11:
Customer@MaximiliansNotebook MINGW64 ~/IH-Labs/lab-bash/lorem (master)
$ tail -3 sed.txt
vel illum qui dolorem eum fugiat quo voluptas nulla pariatur?Homo homini lupus
Homo homini lupus


12: (All 'ET's were already in Caps, thats why i didm it the other way around and changed them from 'ET' to 'et')
Customer@MaximiliansNotebook MINGW64 ~/IH-Labs/lab-bash/lorem (master)
$ sed 's/ET/et/' at.txt
At vero eos et accusamus ET iusto odio dignissimos ducimus qui blanditiis praesentium voluptatum
deleniti atque corrupti quos dolores et quas molestias excepturi sint occaecati cupiditate non
provident, similique sunt in culpa qui officia deserunt mollitia animi, id est laborum et dolorum fuga.
Et harum quidem rerum facilis est et expedita distinctio.
Nam libero tempore, cum soluta nobis est eligendi optio cumque nihil impedit quo minus id quod
maxime placeat facere possimus, omnis voluptas assumenda est, omnis dolor repellendus.
Temporibus autem quibusdam et aut officiis debitis aut rerum necessitatibus saepe eveniET
ut et voluptates repudiandae sint ET molestiae non recusandae.
Itaque earum rerum hic tenetur a sapiente delectus, ut aut reiciendis voluptatibus maiores
alias consequatur aut perferendis doloribus asperiores repellat


13:
Customer@MaximiliansNotebook MINGW64 ~/IH-Labs/lab-bash/lorem (master)
$ whoami
Customer


14:
Customer@MaximiliansNotebook MINGW64 ~/IH-Labs/lab-bash/lorem (master)
$ pwd
/c/Users/Customer/IH-Labs/lab-bash/lorem


15:
Customer@MaximiliansNotebook MINGW64 ~/IH-Labs/lab-bash/lorem (master)
$ git ls-files '*.txt'
at.txt
lorem.txt
sed.txt


16:
Customer@MaximiliansNotebook MINGW64 ~/IH-Labs/lab-bash/lorem (master)
$ cat sed.txt | wc
     11     134     921



17: (props go to Ben Winding on https://stackoverflow.com/questions/9468970/how-to-get-a-count-of-all-the-files-in-a-git-repository) :D

Customer@MaximiliansNotebook MINGW64 ~/IH-Labs/lab-bash/lorem (master)
$ git ls-files "./*.txt" | wc -l
3

20:
Customer@MaximiliansNotebook MINGW64 ~
$ read max


21:
$ echo $reply max
max


22:
Customer@MaximiliansNotebook MINGW64 ~
$ mkdir reply


23:
Customer@MaximiliansNotebook MINGW64 ~
$ rmdir reply

thanks to juan for 20 to 23!!



